\BOOKMARK [0][-]{chapter*.1}{\376\377\000D\000E\000D\000I\000C\000A\000T\000I\000O\000N}{}% 1
\BOOKMARK [0][-]{chapter*.2}{\376\377\000A\000C\000K\000N\000O\000W\000L\000E\000D\000G\000E\000M\000E\000N\000T\000S}{}% 2
\BOOKMARK [0][-]{chapter*.3}{\376\377\000R\000\311\000S\000U\000M\000\311}{}% 3
\BOOKMARK [0][-]{chapter*.4}{\376\377\000A\000B\000S\000T\000R\000A\000C\000T}{}% 4
\BOOKMARK [0][-]{toc.0}{\376\377\000T\000A\000B\000L\000E\000\040\000O\000F\000\040\000C\000O\000N\000T\000E\000N\000T\000S}{}% 5
\BOOKMARK [0][-]{chapter*.5}{\376\377\000L\000I\000S\000T\000\040\000O\000F\000\040\000T\000A\000B\000L\000E\000S}{}% 6
\BOOKMARK [0][-]{chapter*.6}{\376\377\000L\000I\000S\000T\000\040\000O\000F\000\040\000F\000I\000G\000U\000R\000E\000S}{}% 7
\BOOKMARK [0][-]{chapter*.7}{\376\377\000L\000I\000S\000T\000\040\000O\000F\000\040\000S\000Y\000M\000B\000O\000L\000S\000\040\000A\000N\000D\000\040\000A\000C\000R\000O\000N\000Y\000M\000S}{}% 8
\BOOKMARK [0][-]{chapter*.8}{\376\377\000L\000I\000S\000T\000\040\000O\000F\000\040\000A\000P\000P\000E\000N\000D\000I\000C\000E\000S}{}% 9
\BOOKMARK [0][-]{chapter.1}{\376\377\0001\000\040\000I\000N\000T\000R\000O\000D\000U\000C\000T\000I\000O\000N}{}% 10
\BOOKMARK [1][-]{section.1.1}{\376\377\0001\000.\0001\000\040\000C\000o\000n\000t\000e\000x\000t}{chapter.1}% 11
\BOOKMARK [1][-]{section.1.2}{\376\377\0001\000.\0002\000\040\000I\000c\000e\000\040\000M\000o\000r\000p\000h\000o\000l\000o\000g\000i\000e\000s}{chapter.1}% 12
\BOOKMARK [1][-]{section.1.3}{\376\377\0001\000.\0003\000\040\000R\000e\000g\000u\000l\000a\000t\000i\000o\000n\000s\000\040\000\046\000\040\000C\000e\000r\000t\000i\000f\000i\000c\000a\000t\000i\000o\000n}{chapter.1}% 13
\BOOKMARK [1][-]{section.1.4}{\376\377\0001\000.\0004\000\040\000I\000c\000e\000\040\000A\000c\000c\000r\000e\000t\000i\000o\000n\000\040\000N\000u\000m\000e\000r\000i\000c\000a\000l\000\040\000M\000o\000d\000e\000l\000i\000n\000g}{chapter.1}% 14
\BOOKMARK [1][-]{section.1.5}{\376\377\0001\000.\0005\000\040\000P\000r\000o\000b\000l\000e\000m\000\040\000S\000t\000a\000t\000e\000m\000e\000n\000t}{chapter.1}% 15
\BOOKMARK [2][-]{subsection.1.5.1}{\376\377\0001\000.\0005\000.\0001\000\040\000M\000o\000t\000i\000v\000a\000t\000i\000o\000n\000\040\000f\000o\000r\000\040\000t\000h\000e\000\040\000P\000r\000e\000s\000e\000n\000t\000\040\000W\000o\000r\000k}{section.1.5}% 16
\BOOKMARK [1][-]{section.1.6}{\376\377\0001\000.\0006\000\040\000O\000b\000j\000e\000c\000t\000i\000v\000e\000s\000\040\000o\000f\000\040\000t\000h\000e\000\040\000P\000r\000e\000s\000e\000n\000t\000\040\000S\000t\000u\000d\000y}{chapter.1}% 17
\BOOKMARK [1][-]{section.1.7}{\376\377\0001\000.\0007\000\040\000T\000h\000e\000s\000i\000s\000\040\000O\000u\000t\000l\000i\000n\000e}{chapter.1}% 18
\BOOKMARK [0][-]{chapter.2}{\376\377\0002\000\040\000L\000I\000T\000E\000R\000A\000T\000U\000R\000E\000\040\000R\000E\000V\000I\000E\000W}{}% 19
\BOOKMARK [1][-]{section.2.1}{\376\377\0002\000.\0001\000\040\000O\000v\000e\000r\000v\000i\000e\000w\000\040\000o\000f\000\040\000N\000u\000m\000e\000r\000i\000c\000a\000l\000\040\000I\000c\000e\000\040\000A\000c\000c\000r\000e\000t\000i\000o\000n\000\040\000M\000o\000d\000e\000l\000i\000n\000g}{chapter.2}% 20
\BOOKMARK [1][-]{section.2.2}{\376\377\0002\000.\0002\000\040\000A\000e\000r\000o\000d\000y\000n\000a\000m\000i\000c\000s}{chapter.2}% 21
\BOOKMARK [1][-]{section.2.3}{\376\377\0002\000.\0003\000\040\000D\000i\000s\000p\000e\000r\000s\000e\000d\000\040\000P\000h\000a\000s\000e\000\040\000M\000o\000d\000e\000l\000i\000n\000g}{chapter.2}% 22
\BOOKMARK [2][-]{subsection.2.3.1}{\376\377\0002\000.\0003\000.\0001\000\040\000E\000u\000l\000e\000r\000i\000a\000n\000\040\000D\000r\000o\000p\000l\000e\000t\000\040\000F\000o\000r\000m\000u\000l\000a\000t\000i\000o\000n}{section.2.3}% 23
\BOOKMARK [2][-]{subsection.2.3.2}{\376\377\0002\000.\0003\000.\0002\000\040\000L\000a\000g\000r\000a\000n\000g\000i\000a\000n\000\040\000D\000r\000o\000p\000l\000e\000t\000\040\000F\000o\000r\000m\000u\000l\000a\000t\000i\000o\000n}{section.2.3}% 24
\BOOKMARK [2][-]{subsection.2.3.3}{\376\377\0002\000.\0003\000.\0003\000\040\000S\000u\000p\000e\000r\000c\000o\000o\000l\000e\000d\000\040\000L\000a\000r\000g\000e\000\040\000D\000r\000o\000p\000l\000e\000t\000\040\000M\000o\000d\000e\000l\000i\000n\000g}{section.2.3}% 25
\BOOKMARK [1][-]{section.2.4}{\376\377\0002\000.\0004\000\040\000T\000h\000e\000r\000m\000o\000d\000y\000n\000a\000m\000i\000c\000\040\000M\000o\000d\000e\000l\000i\000n\000g}{chapter.2}% 26
\BOOKMARK [1][-]{section.2.5}{\376\377\0002\000.\0005\000\040\000G\000e\000o\000m\000e\000t\000r\000y\000\040\000E\000v\000o\000l\000u\000t\000i\000o\000n}{chapter.2}% 27
\BOOKMARK [1][-]{section.2.6}{\376\377\0002\000.\0006\000\040\000G\000e\000o\000m\000e\000t\000r\000y\000\040\000R\000e\000p\000r\000e\000s\000e\000n\000t\000a\000t\000i\000o\000n}{chapter.2}% 28
\BOOKMARK [2][-]{subsection.2.6.1}{\376\377\0002\000.\0006\000.\0001\000\040\000G\000e\000o\000m\000e\000t\000r\000i\000c\000a\000l\000\040\000M\000e\000t\000h\000o\000d\000s}{section.2.6}% 29
\BOOKMARK [2][-]{subsection.2.6.2}{\376\377\0002\000.\0006\000.\0002\000\040\000C\000o\000n\000t\000i\000n\000u\000o\000u\000s\000-\000F\000o\000r\000c\000i\000n\000g\000\040\000M\000e\000t\000h\000o\000d\000s}{section.2.6}% 30
\BOOKMARK [2][-]{subsection.2.6.3}{\376\377\0002\000.\0006\000.\0003\000\040\000D\000i\000s\000c\000r\000e\000t\000e\000-\000F\000o\000r\000c\000i\000n\000g\000\040\000M\000e\000t\000h\000o\000d\000s}{section.2.6}% 31
\BOOKMARK [1][-]{section.2.7}{\376\377\0002\000.\0007\000\040\000S\000y\000n\000t\000h\000e\000s\000i\000s\000\040\000a\000n\000d\000\040\000P\000o\000s\000i\000t\000i\000o\000n\000i\000n\000g\000\040\000o\000f\000\040\000t\000h\000e\000\040\000P\000r\000e\000s\000e\000n\000t\000\040\000W\000o\000r\000k}{chapter.2}% 32
\BOOKMARK [0][-]{chapter.3}{\376\377\0003\000\040\000T\000H\000E\000S\000I\000S\000\040\000S\000T\000R\000U\000C\000T\000U\000R\000E}{}% 33
\BOOKMARK [1][-]{section.3.1}{\376\377\0003\000.\0001\000\040\000R\000e\000s\000e\000a\000r\000c\000h\000\040\000O\000b\000j\000e\000c\000t\000i\000v\000e\000s}{chapter.3}% 34
\BOOKMARK [1][-]{section.3.2}{\376\377\0003\000.\0002\000\040\000O\000v\000e\000r\000a\000l\000l\000\040\000R\000e\000s\000e\000a\000r\000c\000h\000\040\000S\000t\000r\000a\000t\000e\000g\000y}{chapter.3}% 35
\BOOKMARK [1][-]{section.3.3}{\376\377\0003\000.\0003\000\040\000P\000r\000e\000s\000e\000n\000t\000a\000t\000i\000o\000n\000\040\000o\000f\000\040\000t\000h\000e\000\040\000A\000r\000t\000i\000c\000l\000e\000s}{chapter.3}% 36
\BOOKMARK [2][-]{subsection.3.3.1}{\376\377\0003\000.\0003\000.\0001\000\040\000A\000r\000t\000i\000c\000l\000e\000\040\0001\000:\000\040\000L\000a\000g\000r\000a\000n\000g\000i\000a\000n\000\040\000D\000r\000o\000p\000l\000e\000t\000\040\000T\000r\000a\000c\000k\000i\000n\000g}{section.3.3}% 37
\BOOKMARK [2][-]{subsection.3.3.2}{\376\377\0003\000.\0003\000.\0002\000\040\000A\000r\000t\000i\000c\000l\000e\000\040\0002\000:\000\040\000T\000h\000r\000e\000e\000-\000D\000i\000m\000e\000n\000s\000i\000o\000n\000a\000l\000\040\000L\000e\000v\000e\000l\000-\000S\000e\000t\000\040\000G\000e\000o\000m\000e\000t\000r\000y\000\040\000E\000v\000o\000l\000u\000t\000i\000o\000n}{section.3.3}% 38
\BOOKMARK [2][-]{subsection.3.3.3}{\376\377\0003\000.\0003\000.\0003\000\040\000A\000r\000t\000i\000c\000l\000e\000\040\0003\000:\000\040\000I\000m\000m\000e\000r\000s\000e\000d\000-\000B\000o\000u\000n\000d\000a\000r\000y\000\040\000I\000c\000e\000\040\000A\000c\000c\000r\000e\000t\000i\000o\000n}{section.3.3}% 39
\BOOKMARK [1][-]{section.3.4}{\376\377\0003\000.\0004\000\040\000R\000e\000l\000a\000t\000i\000o\000n\000s\000h\000i\000p\000\040\000B\000e\000t\000w\000e\000e\000n\000\040\000t\000h\000e\000\040\000A\000r\000t\000i\000c\000l\000e\000s}{chapter.3}% 40
\BOOKMARK [0][-]{chapter.4}{\376\377\0004\000\040\000A\000r\000t\000i\000c\000l\000e\000\040\000I\000:\000\040\000A\000\040\000R\000a\000y\000-\000T\000r\000a\000c\000i\000n\000g\000-\000E\000n\000h\000a\000n\000c\000e\000d\000\040\000L\000a\000g\000r\000a\000n\000g\000i\000a\000n\000\040\000P\000a\000r\000t\000i\000c\000l\000e\000\040\000T\000r\000a\000c\000k\000i\000n\000g\000\040\000F\000r\000a\000m\000e\000w\000o\000r\000k\000\040\000f\000o\000r\000\040\000I\000c\000e\000\040\000A\000c\000c\000r\000e\000t\000i\000o\000n\000\040\000A\000p\000p\000l\000i\000c\000a\000t\000i\000o\000n\000s}{}% 41
\BOOKMARK [1][-]{section.4.1}{\376\377\0004\000.\0001\000\040\000I\000n\000t\000r\000o\000d\000u\000c\000t\000i\000o\000n}{chapter.4}% 42
\BOOKMARK [1][-]{section.4.2}{\376\377\0004\000.\0002\000\040\000D\000r\000o\000p\000l\000e\000t\000\040\000T\000r\000a\000c\000k\000i\000n\000g\000\040\000T\000e\000c\000h\000n\000i\000q\000u\000e\000s}{chapter.4}% 43
\BOOKMARK [2][-]{subsection.4.2.1}{\376\377\0004\000.\0002\000.\0001\000\040\000D\000r\000o\000p\000l\000e\000t\000\040\000T\000r\000a\000c\000k\000i\000n\000g\000\040\000A\000p\000p\000r\000o\000a\000c\000h\000e\000s\000\040\000f\000o\000r\000\040\000I\000c\000e\000\040\000A\000c\000c\000r\000e\000t\000i\000o\000n}{section.4.2}% 44
\BOOKMARK [2][-]{subsection.4.2.2}{\376\377\0004\000.\0002\000.\0002\000\040\000L\000a\000g\000r\000a\000n\000g\000i\000a\000n\000\040\000D\000r\000o\000p\000l\000e\000t\000\040\000T\000r\000a\000c\000k\000i\000n\000g}{section.4.2}% 45
\BOOKMARK [1][-]{section.4.3}{\376\377\0004\000.\0003\000\040\000I\000m\000p\000r\000o\000v\000e\000m\000e\000n\000t\000s\000\040\000i\000n\000\040\000L\000a\000g\000r\000a\000n\000g\000i\000a\000n\000\040\000P\000a\000r\000t\000i\000c\000l\000e\000\040\000T\000r\000a\000c\000k\000i\000n\000g}{chapter.4}% 46
\BOOKMARK [2][-]{subsection.4.3.1}{\376\377\0004\000.\0003\000.\0001\000\040\000R\000a\000y\040\023\000Q\000u\000a\000d\000r\000i\000l\000a\000t\000e\000r\000a\000l\000\040\000I\000n\000t\000e\000r\000s\000e\000c\000t\000i\000o\000n\000s\000\040\000i\000n\000\040\000C\000F\000D\000\040\000A\000p\000p\000l\000i\000c\000a\000t\000i\000o\000n\000s}{section.4.3}% 47
\BOOKMARK [2][-]{subsection.4.3.2}{\376\377\0004\000.\0003\000.\0002\000\040\000A\000d\000a\000p\000t\000i\000v\000e\000\040\000S\000e\000e\000d\000i\000n\000g}{section.4.3}% 48
\BOOKMARK [2][-]{subsection.4.3.3}{\376\377\0004\000.\0003\000.\0003\000\040\000C\000o\000l\000l\000e\000c\000t\000i\000o\000n\000\040\000E\000f\000f\000i\000c\000i\000e\000n\000c\000y\000\040\000C\000o\000m\000p\000u\000t\000a\000t\000i\000o\000n\000s}{section.4.3}% 49
\BOOKMARK [2][-]{subsection.4.3.4}{\376\377\0004\000.\0003\000.\0004\000\040\000S\000u\000p\000e\000r\000C\000o\000o\000l\000e\000d\000\040\000L\000a\000r\000g\000e\000\040\000D\000r\000o\000p\000l\000e\000t\000s\000\040\000E\000f\000f\000e\000c\000t\000s\000\040\000M\000o\000d\000e\000l\000i\000n\000g}{section.4.3}% 50
\BOOKMARK [2][-]{subsection.4.3.5}{\376\377\0004\000.\0003\000.\0005\000\040\000H\000y\000b\000r\000i\000d\000\040\000E\000u\000l\000e\000r\000i\000a\000n\000-\000L\000a\000g\000r\000a\000n\000g\000i\000a\000n\000\040\000S\000o\000l\000v\000e\000r}{section.4.3}% 51
\BOOKMARK [2][-]{subsection.4.3.6}{\376\377\0004\000.\0003\000.\0006\000\040\000P\000a\000r\000a\000l\000l\000e\000l\000i\000s\000m}{section.4.3}% 52
\BOOKMARK [1][-]{section.4.4}{\376\377\0004\000.\0004\000\040\000R\000e\000s\000u\000l\000t\000s\000\040\000\046\000\040\000D\000i\000s\000c\000u\000s\000s\000i\000o\000n\000s}{chapter.4}% 53
\BOOKMARK [2][-]{subsection.4.4.1}{\376\377\0004\000.\0004\000.\0001\000\040\000S\000c\000a\000l\000a\000b\000i\000l\000i\000t\000y}{section.4.4}% 54
\BOOKMARK [2][-]{subsection.4.4.2}{\376\377\0004\000.\0004\000.\0002\000\040\000C\000a\000s\000e\000\040\000I\000P\000W\0001\000\040\000-\000\040\0001\0001\0002\000\040\000:\000\040\000N\000A\000C\000A\0006\0004\000A\0000\0000\0008\000\040\000H\000o\000r\000i\000z\000o\000n\000t\000a\000l\000\040\000T\000a\000i\000l\000\040}{section.4.4}% 55
\BOOKMARK [2][-]{subsection.4.4.3}{\376\377\0004\000.\0004\000.\0003\000\040\000C\000a\000s\000e\000\040\000I\000P\000W\0001\000\040\000-\000\040\0001\0002\0002\000\040\000:\000\040\000T\000h\000r\000e\000e\000\040\000E\000l\000e\000m\000e\000n\000t\000\040\000A\000i\000r\000f\000o\000i\000l}{section.4.4}% 56
\BOOKMARK [2][-]{subsection.4.4.4}{\376\377\0004\000.\0004\000.\0004\000\040\000C\000a\000s\000e\000\040\000I\000P\000W\0002\000\040\000-\000\040\0001\000.\0003\000\040\000:\000\040\000H\000y\000b\000r\000i\000d\000\040\000C\000R\000M\000\040\000\050\000W\000i\000t\000h\000\040\000G\000a\000p\000\051}{section.4.4}% 57
\BOOKMARK [2][-]{subsection.4.4.5}{\376\377\0004\000.\0004\000.\0005\000\040\000C\000a\000s\000e\000\040\000H\000L\000P\000W\0005\000\040\000-\000\040\0002\000.\0001\000\040\000:\000\040\000C\000R\000M\000\040\000W\000i\000n\000g\000-\000B\000o\000d\000y}{section.4.4}% 58
\BOOKMARK [1][-]{section.4.5}{\376\377\0004\000.\0005\000\040\000C\000o\000n\000c\000l\000u\000s\000i\000o\000n}{chapter.4}% 59
\BOOKMARK [0][-]{chapter.5}{\376\377\0005\000\040\000C\000O\000N\000C\000L\000U\000S\000I\000O\000N}{}% 60
\BOOKMARK [1][-]{section.5.1}{\376\377\0005\000.\0001\000\040\000S\000u\000m\000m\000a\000r\000y\000\040\000o\000f\000\040\000W\000o\000r\000k\000s}{chapter.5}% 61
\BOOKMARK [1][-]{section.5.2}{\376\377\0005\000.\0002\000\040\000L\000i\000m\000i\000t\000a\000t\000i\000o\000n\000s}{chapter.5}% 62
\BOOKMARK [1][-]{section.5.3}{\376\377\0005\000.\0003\000\040\000F\000u\000t\000u\000r\000e\000\040\000R\000e\000s\000e\000a\000r\000c\000h}{chapter.5}% 63
\BOOKMARK [0][-]{chapter*.48}{\376\377\000R\000E\000F\000E\000R\000E\000N\000C\000E\000S}{}% 64
\BOOKMARK [0][-]{chapter*.48}{\376\377\000A\000P\000P\000E\000N\000D\000I\000C\000E\000S}{}% 65
